PACKAGESITE: 
PKG_DBDIR: /var/db/pkg
PKG_CACHEDIR: /var/cache/pkg
PORTSDIR: /usr/ports
PUBKEY: 
PKG_MULTIREPOS: no
HANDLE_RC_SCRIPTS: no
ASSUME_ALWAYS_YES: no
REPOS:
PLIST_KEYWORDS_DIR: 
SYSLOG: yes
SHLIBS: no
AUTODEPS: no
ABI: freebsd
DEVELOPER_MODE: no
PORTAUDIT_SITE: http://portaudit.FreeBSD.org/auditfile.tbz
SRV_MIRRORS: yes
FETCH_RETRY: 3
PKG_PLUGINS_DIR: /usr/local/lib/pkg/
PKG_ENABLE_PLUGINS: yes
PLUGINS:
DEBUG_SCRIPTS: no
PLUGINS_CONF_DIR: /usr/local/etc/pkg/
PERMISSIVE: no
